
> lava2-backend@1.0.0 test
> jest

node.exe : PASS src/__tests__/reservacion.service.test.ts (8.093 
s)
En C:\Program Files\nodejs\npm.ps1: 29 Carácter: 3
+   & $NODE_EXE $NPM_CLI_JS $args
+   ~~~~~~~~~~~~~~~~~~~~~~~~~~~~~
    + CategoryInfo          : NotSpecified: (PASS src/__test...s 
   t.ts (8.093 s):String) [], RemoteException
    + FullyQualifiedErrorId : NativeCommandError
 
  ReservacionService
    Validaciones de entrada
      ÔêÜ deber├¡a rechazar p├ígina menor a 1 (46 ms)
      ÔêÜ deber├¡a rechazar l├¡mite mayor a 100 (3 ms)
      ÔêÜ deber├¡a rechazar usuario no encontrado (218 ms)
      ÔêÜ deber├¡a rechazar cuando usuario no existe en crear 
reservaci├│n (11 ms)
    M├®todos de obtenci├│n
      ÔêÜ deber├¡a rechazar obtener reservaci├│n no encontrada 
(19 ms)
      ÔêÜ deber├¡a rechazar obtener reservaci├│n pendiente de 
calificaci├│n con usuario no encontrado (5 ms)
      ÔêÜ deber├¡a rechazar historial con usuario no encontrado 
(5 ms)
      ÔêÜ deber├¡a rechazar contar completadas con usuario no 
encontrado (6 ms)

PASS src/__tests__/trabajador.service.test.ts (8.178 s)
  TrabajadorService
    Validaciones
      ÔêÜ deber├¡a rechazar p├ígina menor a 1 en 
obtenerTrabajadores (51 ms)
      ÔêÜ deber├¡a rechazar l├¡mite mayor a 100 en 
obtenerTrabajadores (9 ms)
      ÔêÜ deber├¡a rechazar t├®rmino muy corto en 
buscarTrabajadores (7 ms)
      ÔêÜ deber├¡a rechazar t├®rmino muy largo en 
buscarTrabajadores (4 ms)
      ÔêÜ deber├¡a rechazar calificaci├│n m├¡nima fuera de rango 
(7 ms)
    M├®todos que lanzan errores no permitidos
      ÔêÜ crearTrabajador debe lanzar ErrorNegocio (3 ms)
      ÔêÜ actualizarTrabajador debe lanzar ErrorNegocio (2 ms)
      ÔêÜ desactivarTrabajador debe lanzar ErrorNegocio (2 ms)

PASS src/__tests__/servicio.service.test.ts (8.636 s)
  ServicioService
    obtenerCatalogo
      ÔêÜ deber├¡a retornar cat├ílogo con paginaci├│n (14 ms)
      ÔêÜ deber├¡a usar valores por defecto si no se 
proporcionan par├ímetros (15 ms)
    obtenerServicioPorId
      ÔêÜ deber├¡a retornar servicio cuando existe (4 ms)
      ÔêÜ deber├¡a lanzar ErrorNoEncontrado cuando no existe (34 
ms)
      ÔêÜ deber├¡a lanzar ErrorNoEncontrado cuando servicio 
est├í inactivo (3 ms)
    buscarServicios
      ÔêÜ deber├¡a buscar servicios por t├®rmino (2 ms)
      ÔêÜ deber├¡a lanzar ErrorValidacion si t├®rmino es muy 
corto (12 ms)
      ÔêÜ deber├¡a lanzar ErrorValidacion si t├®rmino es muy 
largo (3 ms)
    obtenerServiciosDisponibles
      ÔêÜ deber├¡a retornar todos los servicios activos (3 ms)
    obtenerCantidadServicios
      ÔêÜ deber├¡a retornar cantidad de servicios activos (3 ms)
      ÔêÜ deber├¡a retornar 0 si no hay servicios (2 ms)
    servicioExisteYEstaActivo
      ÔêÜ deber├¡a retornar true si servicio existe y est├í 
activo (2 ms)
      ÔêÜ deber├¡a retornar false si servicio no existe (11 ms)
      ÔêÜ deber├¡a retornar false si servicio est├í inactivo (3 
ms)

PASS src/__tests__/metodoPago.service.test.ts (8.762 s)
  MetodoPagoService
    Validaciones de entrada
      ÔêÜ deber├¡a rechazar tipo de m├®todo de pago inv├ílido 
primero (sin validar usuario) (221 ms)
      ÔêÜ deber├¡a rechazar cuando el usuario no existe (8 ms)
      ÔêÜ deber├¡a rechazar tarjeta sin ├║ltimos 4 d├¡gitos (6 
ms)
      ÔêÜ deber├¡a rechazar fecha de expiraci├│n en formato 
inv├ílido (8 ms)
      ÔêÜ deber├¡a rechazar cuando ya hay 3 m├®todos de pago (9 
ms)
    M├®todos que lanzan ErrorNegocio
      ÔêÜ deber├¡a rechazar marcar como principal un m├®todo 
desactivado (8 ms)
      ÔêÜ deber├¡a rechazar desactivar m├®todo que no pertenece 
al usuario (7 ms)
      ÔêÜ deber├¡a rechazar obtener m├®todo que no pertenece al 
usuario (7 ms)

PASS src/__tests__/metodoPago.routes.test.ts (9.26 s)
  Rutas de M├®todos de Pago - Integration Tests
    Orden y prioridad de rutas
      ÔêÜ deber├¡a diferenciar /principal del par├ímetro :id 
din├ímico (53 ms)
      ÔêÜ deber├¡a diferenciar /cantidad del par├ímetro :id 
din├ímico (14 ms)
      ÔêÜ deber├¡a aceptar UUID v├ílido en GET /:id (12 ms)
    POST /api/metodos-pago - Creaci├│n de m├®todo de pago
      ÔêÜ deber├¡a aceptar tipo "tarjeta_credito" (37 ms)
      ÔêÜ deber├¡a aceptar tipo "pse" (12 ms)
      ÔêÜ deber├¡a aceptar tipo "efectivo" (11 ms)
      ÔêÜ deber├¡a aceptar tipo "tarjeta_debito" (10 ms)

PASS src/__tests__/calificacion.routes.test.ts (9.375 s)
  CalificacionRoutes - Validaciones y Rutas
    Validaci├│n de entrada en POST
      ÔêÜ deber├¡a rechazar POST sin reservacionId (86 ms)
      ÔêÜ deber├¡a rechazar POST con reservacionId inv├ílido (15 
ms)
      ÔêÜ deber├¡a rechazar POST sin calificacionServicio (11 ms)
      ÔêÜ deber├¡a rechazar calificacionServicio fuera de rango 
(10 ms)
      ÔêÜ deber├¡a rechazar calificacionTrabajador fuera de 
rango (15 ms)
      ÔêÜ deber├¡a rechazar comentario del servicio muy largo 
(13 ms)
    Validaci├│n de par├ímetros GET
      ÔêÜ deber├¡a rechazar GET /:id sin UUID v├ílido (12 ms)
      ÔêÜ deber├¡a rechazar GET /trabajador/:id sin UUID v├ílido 
(10 ms)
      ÔêÜ deber├¡a rechazar GET /estadisticas/servicio/:id sin 
UUID v├ílido (11 ms)
      ÔêÜ deber├¡a rechazar GET / con p├ígina < 1 (9 ms)
      ÔêÜ deber├¡a rechazar GET / con l├¡mite > 100 (9 ms)
    Orden y prioridad de rutas
      ÔêÜ deber├¡a diferenciar /trabajador/:id como ruta literal 
(10 ms)
      ÔêÜ deber├¡a diferenciar /estadisticas/servicio/:id como 
ruta literal (9 ms)
      ÔêÜ deber├¡a aceptar UUID v├ílido en GET /:id (9 ms)
    Validaci├│n de paginaci├│n
      ÔêÜ deber├¡a aceptar paginaci├│n v├ílida (10 ms)
      ÔêÜ deber├¡a aceptar paginaci├│n m├íxima (7 ms)

PASS src/__tests__/reservacion.routes.test.ts (9.403 s)
  ReservacionRoutes - Validaciones y Rutas
    Validaci├│n de entrada en POST
      ÔêÜ deber├¡a rechazar POST sin servicioId (81 ms)
      ÔêÜ deber├¡a rechazar POST con servicioId inv├ílido (13 ms)
      ÔêÜ deber├¡a rechazar POST sin fechaHoraInicio (13 ms)
      ÔêÜ deber├¡a rechazar POST con fechaHoraInicio inv├ílida 
(12 ms)
      ÔêÜ deber├¡a rechazar POST sin direccionServicio (14 ms)
      ÔêÜ deber├¡a rechazar POST con direcci├│n muy corta (11 ms)
    Validaci├│n de par├ímetros GET
      ÔêÜ deber├¡a rechazar GET /:id sin UUID v├ílido (11 ms)
      ÔêÜ deber├¡a rechazar DELETE /:id sin UUID v├ílido (16 ms)
      ÔêÜ deber├¡a rechazar GET / con p├ígina < 1 (11 ms)
      ÔêÜ deber├¡a rechazar GET / con l├¡mite > 100 (9 ms)
    Orden y prioridad de rutas
      ÔêÜ deber├¡a diferenciar /pendientes-calificacion como 
ruta literal (9 ms)
      ÔêÜ deber├¡a diferenciar /historial como ruta literal (9 
ms)
      ÔêÜ deber├¡a diferenciar /estadisticas como ruta literal 
(8 ms)
      ÔêÜ deber├¡a aceptar UUID v├ílido en GET /:id (no falla 
validaci├│n) (8 ms)
    Estados permitidos en query
      ÔêÜ deber├¡a aceptar estado pending sin errores de 
validaci├│n (10 ms)
      ÔêÜ deber├¡a aceptar estado confirmed sin errores de 
validaci├│n (8 ms)
      ÔêÜ deber├¡a aceptar estado completed sin errores de 
validaci├│n (8 ms)
      ÔêÜ deber├¡a aceptar estado cancelled sin errores de 
validaci├│n (8 ms)

FAIL src/__tests__/calificacion.service.test.ts
  ÔùÅ Test suite failed to run

    [96msrc/__tests__/calificacion.service.test.ts[0m:[93m2[0
m:[93m1[0m - [91merror[0m[90m TS6133: [0m'ErrorValidacion' 
is declared but its value is never read.

    [7m2[0m import { ErrorValidacion } from '../utils/errores';
    [7m [0m 
[91m~~~~~~~~~~~~~~~~~~~~~~~~~~~~~~~~~~~~~~~~~~~~~~~~~~~[0m

PASS src/__tests__/trabajador.routes.test.ts (9.59 s)
  Rutas de Trabajadores - Integration Tests
    Validaciones de entrada
      ÔêÜ GET /api/trabajadores deber├¡a rechazar p├ígina 
inv├ílida (38 ms)
      ÔêÜ GET /api/trabajadores deber├¡a rechazar l├¡mite > 100 
(9 ms)
      ÔêÜ GET /api/trabajadores/:id deber├¡a rechazar UUID 
inv├ílido (7 ms)
      ÔêÜ GET /api/trabajadores/buscar/:termino deber├¡a 
rechazar t├®rmino corto (8 ms)
      ÔêÜ GET /api/trabajadores/buscar/:termino deber├¡a 
rechazar t├®rmino largo (9 ms)
      ÔêÜ GET /api/trabajadores/calificacion/:minima deber├¡a 
rechazar valor fuera de rango (6 ms)
    Orden y prioridad de rutas
      ÔêÜ GET /disponibles/lista deber├¡a ser v├ílido y no 
interpretarse como UUID (75 ms)
      ÔêÜ GET /buscar/:termino deber├¡a ser v├ílido y no 
interpretarse como UUID (69 ms)
      ÔêÜ GET /cantidad deber├¡a ser v├ílido y no interpretarse 
como UUID (10 ms)

PASS src/__tests__/servicio.routes.test.ts (9.74 s)
  Rutas de Servicios - Integration Tests
    GET /api/servicios
      ÔêÜ deber├¡a obtener cat├ílogo con paginaci├│n por defecto 
(32 ms)
      ÔêÜ deber├¡a aceptar par├ímetros de paginaci├│n (8 ms)
      ÔêÜ deber├¡a rechazar par├ímetro de p├ígina inv├ílido (7 
ms)
      ÔêÜ deber├¡a rechazar par├ímetro de l├¡mite > 100 (6 ms)
    GET /api/servicios/:id
      ÔêÜ deber├¡a obtener servicio por ID v├ílido (8 ms)
      ÔêÜ deber├¡a rechazar UUID inv├ílido (6 ms)
      ÔêÜ deber├¡a retornar 404 si servicio no existe (20 ms)
    GET /api/servicios/disponibles/lista
      ÔêÜ deber├¡a obtener lista de servicios disponibles (6 ms)
      ÔêÜ deber├¡a retornar lista vac├¡a si no hay servicios (6 
ms)
    GET /api/servicios/buscar/:termino
      ÔêÜ deber├¡a buscar servicios por t├®rmino v├ílido (7 ms)
      ÔêÜ deber├¡a rechazar t├®rmino muy corto (1 car├ícter) (5 
ms)
      ÔêÜ deber├¡a rechazar t├®rmino muy largo (> 50 caracteres) 
(4 ms)
      ÔêÜ deber├¡a retornar lista vac├¡a si no coincide ning├║n 
servicio (4 ms)
    GET /api/servicios/cantidad
      ÔêÜ deber├¡a retornar cantidad de servicios activos (5 ms)
      ÔêÜ deber├¡a retornar 0 si no hay servicios (5 ms)
    Orden de rutas y prioridad
      ÔêÜ GET /disponibles/lista deber├¡a tener prioridad sobre 
GET /:id (5 ms)
      ÔêÜ GET /buscar/:termino deber├¡a tener prioridad sobre 
GET /:id (5 ms)

Test Suites: 1 failed, 9 passed, 10 total
Tests:       105 passed, 105 total
Snapshots:   0 total
Time:        11.31 s, estimated 12 s
Ran all test suites.
